// Bun Snapshot v1, https://bun.sh/docs/test/snapshots

exports[`HTML form controls preserve their serialized nodes 1`] = `
[
  {
    "attributes": {
      "type": "button",
      "value": "Go",
    },
    "preset": {
      "backgroundColor": "#efefef",
      "border": "2px outset #767676",
      "boxSizing": "border-box",
      "color": "#000",
      "display": "inline-block",
      "fontSize": "13.3333px",
      "fontStyle": "normal",
      "fontWeight": "normal",
      "lineHeight": "normal",
      "margin": 0,
      "padding": "1px 6px",
      "textAlign": "center",
      "textIndent": 0,
      "textTransform": "none",
    },
    "tagName": "input",
    "text": "Go",
    "type": "text",
  },
  {
    "attributes": {
      "type": "text",
      "value": "Kane",
    },
    "children": [],
    "preset": {
      "backgroundColor": "#fff",
      "border": "2px inset #767676",
      "color": "#000",
      "display": "inline-block",
      "fontSize": "13.3333px",
      "fontStyle": "normal",
      "fontWeight": "normal",
      "lineHeight": "normal",
      "margin": 0,
      "padding": "1px 0",
      "textAlign": "start",
      "textIndent": 0,
      "textTransform": "none",
    },
    "tagName": "input",
    "type": "container",
  },
  {
    "attributes": {
      "size": "1.5",
    },
    "children": [
      {
        "text": "A",
        "type": "text",
      },
      {
        "preset": {
          "display": "none",
        },
        "tagName": "option",
        "text": "A",
        "type": "text",
      },
    ],
    "preset": {
      "backgroundColor": "#fff",
      "border": "1px solid #767676",
      "borderRadius": 0,
      "boxSizing": "border-box",
      "color": "#000",
      "display": "inline-block",
      "fontSize": "13.3333px",
      "fontStyle": "normal",
      "fontWeight": "normal",
      "lineHeight": "normal",
      "margin": 0,
      "textAlign": "start",
      "textIndent": 0,
      "textTransform": "none",
      "whiteSpace": "pre",
    },
    "tagName": "select",
    "type": "container",
  },
  {
    "attributes": {
      "size": "1e1",
    },
    "children": [
      {
        "text": "A",
        "type": "text",
      },
      {
        "preset": {
          "display": "none",
        },
        "tagName": "option",
        "text": "A",
        "type": "text",
      },
    ],
    "preset": {
      "backgroundColor": "#fff",
      "border": "1px solid #767676",
      "borderRadius": 0,
      "boxSizing": "border-box",
      "color": "#000",
      "display": "inline-block",
      "fontSize": "13.3333px",
      "fontStyle": "normal",
      "fontWeight": "normal",
      "lineHeight": "normal",
      "margin": 0,
      "textAlign": "start",
      "textIndent": 0,
      "textTransform": "none",
      "whiteSpace": "pre",
    },
    "tagName": "select",
    "type": "container",
  },
  {
    "attributes": {
      "size": "+2",
    },
    "children": [
      {
        "preset": {
          "display": "block",
          "minHeight": "1.2em",
          "paddingBottom": 1,
          "paddingLeft": 2,
          "paddingRight": 2,
          "whiteSpace": "nowrap",
        },
        "tagName": "option",
        "text": "A",
        "type": "text",
      },
    ],
    "preset": {
      "backgroundColor": "#fff",
      "border": "1px solid #767676",
      "borderRadius": 0,
      "boxSizing": "border-box",
      "color": "#000",
      "display": "inline-block",
      "fontSize": "13.3333px",
      "fontStyle": "normal",
      "fontWeight": "normal",
      "lineHeight": "normal",
      "margin": 0,
      "textAlign": "start",
      "textIndent": 0,
      "textTransform": "none",
      "whiteSpace": "pre",
    },
    "tagName": "select",
    "type": "container",
  },
  {
    "attributes": {
      "size": "2px",
    },
    "children": [
      {
        "preset": {
          "display": "block",
          "minHeight": "1.2em",
          "paddingBottom": 1,
          "paddingLeft": 2,
          "paddingRight": 2,
          "whiteSpace": "nowrap",
        },
        "tagName": "option",
        "text": "A",
        "type": "text",
      },
    ],
    "preset": {
      "backgroundColor": "#fff",
      "border": "1px solid #767676",
      "borderRadius": 0,
      "boxSizing": "border-box",
      "color": "#000",
      "display": "inline-block",
      "fontSize": "13.3333px",
      "fontStyle": "normal",
      "fontWeight": "normal",
      "lineHeight": "normal",
      "margin": 0,
      "textAlign": "start",
      "textIndent": 0,
      "textTransform": "none",
      "whiteSpace": "pre",
    },
    "tagName": "select",
    "type": "container",
  },
  {
    "attributes": {
      "size": "2.5",
    },
    "children": [
      {
        "preset": {
          "display": "block",
          "minHeight": "1.2em",
          "paddingBottom": 1,
          "paddingLeft": 2,
          "paddingRight": 2,
          "whiteSpace": "nowrap",
        },
        "tagName": "option",
        "text": "A",
        "type": "text",
      },
    ],
    "preset": {
      "backgroundColor": "#fff",
      "border": "1px solid #767676",
      "borderRadius": 0,
      "boxSizing": "border-box",
      "color": "#000",
      "display": "inline-block",
      "fontSize": "13.3333px",
      "fontStyle": "normal",
      "fontWeight": "normal",
      "lineHeight": "normal",
      "margin": 0,
      "textAlign": "start",
      "textIndent": 0,
      "textTransform": "none",
      "whiteSpace": "pre",
    },
    "tagName": "select",
    "type": "container",
  },
  {
    "attributes": {
      "size": "2e1",
    },
    "children": [
      {
        "preset": {
          "display": "block",
          "minHeight": "1.2em",
          "paddingBottom": 1,
          "paddingLeft": 2,
          "paddingRight": 2,
          "whiteSpace": "nowrap",
        },
        "tagName": "option",
        "text": "A",
        "type": "text",
      },
    ],
    "preset": {
      "backgroundColor": "#fff",
      "border": "1px solid #767676",
      "borderRadius": 0,
      "boxSizing": "border-box",
      "color": "#000",
      "display": "inline-block",
      "fontSize": "13.3333px",
      "fontStyle": "normal",
      "fontWeight": "normal",
      "lineHeight": "normal",
      "margin": 0,
      "textAlign": "start",
      "textIndent": 0,
      "textTransform": "none",
      "whiteSpace": "pre",
    },
    "tagName": "select",
    "type": "container",
  },
  {
    "attributes": {
      "size": " 2",
    },
    "children": [
      {
        "text": "A",
        "type": "text",
      },
      {
        "preset": {
          "display": "none",
        },
        "tagName": "option",
        "text": "A",
        "type": "text",
      },
    ],
    "preset": {
      "backgroundColor": "#fff",
      "border": "1px solid #767676",
      "borderRadius": 0,
      "boxSizing": "border-box",
      "color": "#000",
      "display": "inline-block",
      "fontSize": "13.3333px",
      "fontStyle": "normal",
      "fontWeight": "normal",
      "lineHeight": "normal",
      "margin": 0,
      "textAlign": "start",
      "textIndent": 0,
      "textTransform": "none",
      "whiteSpace": "pre",
    },
    "tagName": "select",
    "type": "container",
  },
  {
    "attributes": {
      "size": "-2",
    },
    "children": [
      {
        "text": "A",
        "type": "text",
      },
      {
        "preset": {
          "display": "none",
        },
        "tagName": "option",
        "text": "A",
        "type": "text",
      },
    ],
    "preset": {
      "backgroundColor": "#fff",
      "border": "1px solid #767676",
      "borderRadius": 0,
      "boxSizing": "border-box",
      "color": "#000",
      "display": "inline-block",
      "fontSize": "13.3333px",
      "fontStyle": "normal",
      "fontWeight": "normal",
      "lineHeight": "normal",
      "margin": 0,
      "textAlign": "start",
      "textIndent": 0,
      "textTransform": "none",
      "whiteSpace": "pre",
    },
    "tagName": "select",
    "type": "container",
  },
  {
    "attributes": {
      "size": "2",
    },
    "children": [
      {
        "preset": {
          "display": "block",
          "minHeight": "1.2em",
          "paddingBottom": 1,
          "paddingLeft": 2,
          "paddingRight": 2,
          "whiteSpace": "nowrap",
        },
        "tagName": "option",
        "text": "A",
        "type": "text",
      },
    ],
    "preset": {
      "backgroundColor": "#fff",
      "border": "1px solid #767676",
      "borderRadius": 0,
      "boxSizing": "border-box",
      "color": "#000",
      "display": "inline-block",
      "fontSize": "13.3333px",
      "fontStyle": "normal",
      "fontWeight": "normal",
      "lineHeight": "normal",
      "margin": 0,
      "textAlign": "start",
      "textIndent": 0,
      "textTransform": "none",
      "whiteSpace": "pre",
    },
    "tagName": "select",
    "type": "container",
  },
  {
    "attributes": {
      "size": " 2 ",
    },
    "children": [
      {
        "preset": {
          "display": "block",
          "minHeight": "1.2em",
          "paddingBottom": 1,
          "paddingLeft": 2,
          "paddingRight": 2,
          "whiteSpace": "nowrap",
        },
        "tagName": "option",
        "text": "A",
        "type": "text",
      },
    ],
    "preset": {
      "backgroundColor": "#fff",
      "border": "1px solid #767676",
      "borderRadius": 0,
      "boxSizing": "border-box",
      "color": "#000",
      "display": "inline-block",
      "fontSize": "13.3333px",
      "fontStyle": "normal",
      "fontWeight": "normal",
      "lineHeight": "normal",
      "margin": 0,
      "textAlign": "start",
      "textIndent": 0,
      "textTransform": "none",
      "whiteSpace": "pre",
    },
    "tagName": "select",
    "type": "container",
  },
  {
    "attributes": {
      "size": "4294967296",
    },
    "children": [
      {
        "text": "A",
        "type": "text",
      },
      {
        "preset": {
          "display": "none",
        },
        "tagName": "option",
        "text": "A",
        "type": "text",
      },
    ],
    "preset": {
      "backgroundColor": "#fff",
      "border": "1px solid #767676",
      "borderRadius": 0,
      "boxSizing": "border-box",
      "color": "#000",
      "display": "inline-block",
      "fontSize": "13.3333px",
      "fontStyle": "normal",
      "fontWeight": "normal",
      "lineHeight": "normal",
      "margin": 0,
      "textAlign": "start",
      "textIndent": 0,
      "textTransform": "none",
      "whiteSpace": "pre",
    },
    "tagName": "select",
    "type": "container",
  },
]
`;

exports[`select values use option text independently of display labels 1`] = `
[
  undefined,
  {},
  {
    "label": "Display label",
    "selected": "",
  },
  {},
]
`;
